README
CPYRIGHT
LOG
makefile
makefile.nt
src/2html.c
src/alloc.c
src/asdl.c
src/bind.c
src/bytecode.c
src/c.h
src/config.h
src/dag.c
src/decl.c
src/enode.c
src/error.c
src/event.c
src/expr.c
src/gen.c
src/init.c
src/inits.c
src/input.c
src/lex.c
src/list.c
src/main.c
src/null.c
src/output.c
src/pass2.c
src/prof.c
src/profio.c
src/simp.c
src/stab.c
src/stab.h
src/stmt.c
src/string.c
src/sym.c
src/symbolic.c
src/token.h
src/trace.c
src/tree.c
src/types.c
src/alpha.md
src/dagcheck.md
src/mips.md
src/sparc.md
src/x86.md
src/x86linux.md
src/run.sh
src/rcc.asdl
lib/assert.c
lib/bbexit.c
lib/yynull.c
tst/8q.0
tst/8q.c
tst/array.0
tst/array.c
tst/cf.0
tst/cf.c
tst/cq.0
tst/cq.c
tst/cvt.0
tst/cvt.c
tst/fields.0
tst/fields.c
tst/front.0
tst/front.c
tst/incr.0
tst/incr.c
tst/init.0
tst/init.c
tst/limits.0
tst/limits.c
tst/paranoia.0
tst/paranoia.c
tst/sort.0
tst/sort.c
tst/spill.0
tst/spill.c
tst/stdarg.0
tst/stdarg.c
tst/struct.0
tst/struct.c
tst/switch.0
tst/switch.c
tst/wf1.0
tst/wf1.c
tst/yacc.0
tst/yacc.c
etc/bprint.c
etc/gcc-solaris.c
etc/irix.c
etc/lcc.c
etc/linux.c
etc/ops.c
etc/osf.c
etc/solaris.c
etc/win32.c
cpp/cpp.c
cpp/cpp.h
cpp/eval.c
cpp/getopt.c
cpp/hideset.c
cpp/include.c
cpp/lex.c
cpp/macro.c
cpp/nlist.c
cpp/tokens.c
cpp/unix.c
lburg/gram.c
lburg/gram.y
lburg/lburg.1
lburg/lburg.c
lburg/lburg.h
include/alpha/osf/assert.h
include/alpha/osf/ctype.h
include/alpha/osf/errno.h
include/alpha/osf/float.h
include/alpha/osf/limits.h
include/alpha/osf/locale.h
include/alpha/osf/math.h
include/alpha/osf/setjmp.h
include/alpha/osf/signal.h
include/alpha/osf/stdarg.h
include/alpha/osf/stddef.h
include/alpha/osf/stdio.h
include/alpha/osf/stdlib.h
include/alpha/osf/string.h
include/alpha/osf/time.h
include/sparc/solaris/assert.h
include/sparc/solaris/ctype.h
include/sparc/solaris/errno.h
include/sparc/solaris/float.h
include/sparc/solaris/limits.h
include/sparc/solaris/locale.h
include/sparc/solaris/math.h
include/sparc/solaris/setjmp.h
include/sparc/solaris/signal.h
include/sparc/solaris/stdarg.h
include/sparc/solaris/stddef.h
include/sparc/solaris/stdio.h
include/sparc/solaris/stdlib.h
include/sparc/solaris/string.h
include/sparc/solaris/time.h
include/mips/irix/assert.h
include/mips/irix/ctype.h
include/mips/irix/errno.h
include/mips/irix/float.h
include/mips/irix/limits.h
include/mips/irix/locale.h
include/mips/irix/math.h
include/mips/irix/setjmp.h
include/mips/irix/signal.h
include/mips/irix/stdarg.h
include/mips/irix/stddef.h
include/mips/irix/stdio.h
include/mips/irix/stdlib.h
include/mips/irix/string.h
include/mips/irix/time.h
include/x86/linux/assert.h
include/x86/linux/float.h
include/x86/linux/stdarg.h
doc/4.html
doc/install.html
doc/bprint.1
doc/lcc.1
doc/bprint.pdf
doc/lcc.pdf
alpha/osf/tst/8q.1bk
alpha/osf/tst/8q.2bk
alpha/osf/tst/8q.sbk
alpha/osf/tst/array.1bk
alpha/osf/tst/array.2bk
alpha/osf/tst/array.sbk
alpha/osf/tst/cf.1bk
alpha/osf/tst/cf.2bk
alpha/osf/tst/cf.sbk
alpha/osf/tst/cq.1bk
alpha/osf/tst/cq.2bk
alpha/osf/tst/cq.sbk
alpha/osf/tst/cvt.1bk
alpha/osf/tst/cvt.2bk
alpha/osf/tst/cvt.sbk
alpha/osf/tst/fields.1bk
alpha/osf/tst/fields.2bk
alpha/osf/tst/fields.sbk
alpha/osf/tst/front.2bk
alpha/osf/tst/front.sbk
alpha/osf/tst/incr.1bk
alpha/osf/tst/incr.2bk
alpha/osf/tst/incr.sbk
alpha/osf/tst/init.1bk
alpha/osf/tst/init.2bk
alpha/osf/tst/init.sbk
alpha/osf/tst/limits.1bk
alpha/osf/tst/limits.2bk
alpha/osf/tst/limits.sbk
alpha/osf/tst/paranoia.1bk
alpha/osf/tst/paranoia.2bk
alpha/osf/tst/paranoia.sbk
alpha/osf/tst/sort.1bk
alpha/osf/tst/sort.2bk
alpha/osf/tst/sort.sbk
alpha/osf/tst/spill.1bk
alpha/osf/tst/spill.2bk
alpha/osf/tst/spill.sbk
alpha/osf/tst/stdarg.1bk
alpha/osf/tst/stdarg.2bk
alpha/osf/tst/stdarg.sbk
alpha/osf/tst/struct.1bk
alpha/osf/tst/struct.2bk
alpha/osf/tst/struct.sbk
alpha/osf/tst/switch.1bk
alpha/osf/tst/switch.2bk
alpha/osf/tst/switch.sbk
alpha/osf/tst/wf1.1bk
alpha/osf/tst/wf1.2bk
alpha/osf/tst/wf1.sbk
alpha/osf/tst/yacc.1bk
alpha/osf/tst/yacc.2bk
alpha/osf/tst/yacc.sbk
sparc/solaris/tst/8q.1bk
sparc/solaris/tst/8q.2bk
sparc/solaris/tst/8q.sbk
sparc/solaris/tst/array.1bk
sparc/solaris/tst/array.2bk
sparc/solaris/tst/array.sbk
sparc/solaris/tst/cf.1bk
sparc/solaris/tst/cf.2bk
sparc/solaris/tst/cf.sbk
sparc/solaris/tst/cq.1bk
sparc/solaris/tst/cq.2bk
sparc/solaris/tst/cq.sbk
sparc/solaris/tst/cvt.1bk
sparc/solaris/tst/cvt.2bk
sparc/solaris/tst/cvt.sbk
sparc/solaris/tst/fields.1bk
sparc/solaris/tst/fields.2bk
sparc/solaris/tst/fields.sbk
sparc/solaris/tst/front.2bk
sparc/solaris/tst/front.sbk
sparc/solaris/tst/incr.1bk
sparc/solaris/tst/incr.2bk
sparc/solaris/tst/incr.sbk
sparc/solaris/tst/init.1bk
sparc/solaris/tst/init.2bk
sparc/solaris/tst/init.sbk
sparc/solaris/tst/limits.1bk
sparc/solaris/tst/limits.2bk
sparc/solaris/tst/limits.sbk
sparc/solaris/tst/paranoia.1bk
sparc/solaris/tst/paranoia.2bk
sparc/solaris/tst/paranoia.sbk
sparc/solaris/tst/sort.1bk
sparc/solaris/tst/sort.2bk
sparc/solaris/tst/sort.sbk
sparc/solaris/tst/spill.1bk
sparc/solaris/tst/spill.2bk
sparc/solaris/tst/spill.sbk
sparc/solaris/tst/stdarg.1bk
sparc/solaris/tst/stdarg.2bk
sparc/solaris/tst/stdarg.sbk
sparc/solaris/tst/struct.1bk
sparc/solaris/tst/struct.2bk
sparc/solaris/tst/struct.sbk
sparc/solaris/tst/switch.1bk
sparc/solaris/tst/switch.2bk
sparc/solaris/tst/switch.sbk
sparc/solaris/tst/wf1.1bk
sparc/solaris/tst/wf1.2bk
sparc/solaris/tst/wf1.sbk
sparc/solaris/tst/yacc.1bk
sparc/solaris/tst/yacc.2bk
sparc/solaris/tst/yacc.sbk
mips/irix/tst/8q.1bk
mips/irix/tst/8q.2bk
mips/irix/tst/8q.sbk
mips/irix/tst/array.1bk
mips/irix/tst/array.2bk
mips/irix/tst/array.sbk
mips/irix/tst/cf.1bk
mips/irix/tst/cf.2bk
mips/irix/tst/cf.sbk
mips/irix/tst/cq.1bk
mips/irix/tst/cq.2bk
mips/irix/tst/cq.sbk
mips/irix/tst/cvt.1bk
mips/irix/tst/cvt.2bk
mips/irix/tst/cvt.sbk
mips/irix/tst/fields.1bk
mips/irix/tst/fields.2bk
mips/irix/tst/fields.sbk
mips/irix/tst/front.2bk
mips/irix/tst/front.sbk
mips/irix/tst/incr.2bk
mips/irix/tst/incr.sbk
mips/irix/tst/init.1bk
mips/irix/tst/init.2bk
mips/irix/tst/init.sbk
mips/irix/tst/limits.1bk
mips/irix/tst/limits.2bk
mips/irix/tst/limits.sbk
mips/irix/tst/paranoia.1bk
mips/irix/tst/paranoia.2bk
mips/irix/tst/paranoia.sbk
mips/irix/tst/sort.1bk
mips/irix/tst/sort.2bk
mips/irix/tst/sort.sbk
mips/irix/tst/spill.2bk
mips/irix/tst/spill.sbk
mips/irix/tst/stdarg.1bk
mips/irix/tst/stdarg.2bk
mips/irix/tst/stdarg.sbk
mips/irix/tst/struct.1bk
mips/irix/tst/struct.2bk
mips/irix/tst/struct.sbk
mips/irix/tst/switch.1bk
mips/irix/tst/switch.2bk
mips/irix/tst/switch.sbk
mips/irix/tst/wf1.1bk
mips/irix/tst/wf1.2bk
mips/irix/tst/wf1.sbk
mips/irix/tst/yacc.1bk
mips/irix/tst/yacc.2bk
mips/irix/tst/yacc.sbk
x86/linux/tst/8q.1bk
x86/linux/tst/8q.2bk
x86/linux/tst/8q.sbk
x86/linux/tst/array.1bk
x86/linux/tst/array.2bk
x86/linux/tst/array.sbk
x86/linux/tst/cf.1bk
x86/linux/tst/cf.2bk
x86/linux/tst/cf.sbk
x86/linux/tst/cq.1bk
x86/linux/tst/cq.2bk
x86/linux/tst/cq.sbk
x86/linux/tst/cvt.1bk
x86/linux/tst/cvt.2bk
x86/linux/tst/cvt.sbk
x86/linux/tst/fields.1bk
x86/linux/tst/fields.2bk
x86/linux/tst/fields.sbk
x86/linux/tst/front.2bk
x86/linux/tst/front.sbk
x86/linux/tst/incr.1bk
x86/linux/tst/incr.2bk
x86/linux/tst/incr.sbk
x86/linux/tst/init.1bk
x86/linux/tst/init.2bk
x86/linux/tst/init.sbk
x86/linux/tst/limits.1bk
x86/linux/tst/limits.2bk
x86/linux/tst/limits.sbk
x86/linux/tst/paranoia.1bk
x86/linux/tst/paranoia.2bk
x86/linux/tst/paranoia.sbk
x86/linux/tst/sort.1bk
x86/linux/tst/sort.2bk
x86/linux/tst/sort.sbk
x86/linux/tst/spill.1bk
x86/linux/tst/spill.2bk
x86/linux/tst/spill.sbk
x86/linux/tst/stdarg.1bk
x86/linux/tst/stdarg.2bk
x86/linux/tst/stdarg.sbk
x86/linux/tst/struct.1bk
x86/linux/tst/struct.2bk
x86/linux/tst/struct.sbk
x86/linux/tst/switch.1bk
x86/linux/tst/switch.2bk
x86/linux/tst/switch.sbk
x86/linux/tst/wf1.1bk
x86/linux/tst/wf1.2bk
x86/linux/tst/wf1.sbk
x86/linux/tst/yacc.1bk
x86/linux/tst/yacc.2bk
x86/linux/tst/yacc.sbk
x86/win32/tst/8q.1bk
x86/win32/tst/8q.2bk
x86/win32/tst/8q.sbk
x86/win32/tst/array.1bk
x86/win32/tst/array.2bk
x86/win32/tst/array.sbk
x86/win32/tst/cf.1bk
x86/win32/tst/cf.2bk
x86/win32/tst/cf.sbk
x86/win32/tst/cq.1bk
x86/win32/tst/cq.2bk
x86/win32/tst/cq.sbk
x86/win32/tst/cvt.1bk
x86/win32/tst/cvt.2bk
x86/win32/tst/cvt.sbk
x86/win32/tst/fields.1bk
x86/win32/tst/fields.2bk
x86/win32/tst/fields.sbk
x86/win32/tst/front.2bk
x86/win32/tst/front.sbk
x86/win32/tst/incr.1bk
x86/win32/tst/incr.2bk
x86/win32/tst/incr.sbk
x86/win32/tst/init.1bk
x86/win32/tst/init.2bk
x86/win32/tst/init.sbk
x86/win32/tst/limits.1bk
x86/win32/tst/limits.2bk
x86/win32/tst/limits.sbk
x86/win32/tst/paranoia.1bk
x86/win32/tst/paranoia.2bk
x86/win32/tst/paranoia.sbk
x86/win32/tst/sort.1bk
x86/win32/tst/sort.2bk
x86/win32/tst/sort.sbk
x86/win32/tst/spill.1bk
x86/win32/tst/spill.2bk
x86/win32/tst/spill.sbk
x86/win32/tst/stdarg.1bk
x86/win32/tst/stdarg.2bk
x86/win32/tst/stdarg.sbk
x86/win32/tst/struct.1bk
x86/win32/tst/struct.2bk
x86/win32/tst/struct.sbk
x86/win32/tst/switch.1bk
x86/win32/tst/switch.2bk
x86/win32/tst/switch.sbk
x86/win32/tst/wf1.1bk
x86/win32/tst/wf1.2bk
x86/win32/tst/wf1.sbk
x86/win32/tst/yacc.1bk
x86/win32/tst/yacc.2bk
x86/win32/tst/yacc.sbk
custom.mk
packing.lst
